[backblue.gif]
[fade.gif]
[index.html]
[themetechmount.net/opencart/jwellix/catalog/view/javascript/jquery/jquery-2.1.1.min.js]
[themetechmount.net/opencart/jwellix/catalog/view/javascript/bootstrap/js/bootstrap.min.js]
[themetechmount.net/opencart/jwellix/catalog/view/javascript/lightbox/lightbox-2.6.min.js]
[themetechmount.net/opencart/jwellix/catalog/view/javascript/jquery/swiper/js/swiper.jquery.js]
[themetechmount.net/opencart/jwellix/catalog/view/javascript/themetechmount_js/newsletter/ttmemail.js]
[themetechmount.net/opencart/jwellix/catalog/view/javascript/common.js]
[themetechmount.net/opencart/jwellix/image/catalog/favicon.png]
[themetechmount.net/opencart/jwellix/catalog/view/javascript/themetechmount_js/custom.js]
[themetechmount.net/opencart/jwellix/catalog/view/javascript/themetechmount_js/jstree.min.js]
[themetechmount.net/opencart/jwellix/catalog/view/javascript/themetechmount_js/jquery.custom.min.js]
[themetechmount.net/opencart/jwellix/catalog/view/javascript/themetechmount_js/jquery.formalize.min.js]
[themetechmount.net/opencart/jwellix/catalog/view/javascript/themetechmount_js/jquery.elevatezoom.min.js]
[themetechmount.net/opencart/jwellix/catalog/view/javascript/themetechmount_js/bootstrap-notify.min.js]
[themetechmount.net/opencart/jwellix/catalog/view/javascript/themetechmount_js/blightbox.js]
[themetechmount.net/opencart/jwellix/catalog/view/javascript/themetechmount_js/imagelightbox.js]
[themetechmount.net/opencart/jwellix/catalog/view/javascript/themetechmount_js/jquery.countdown.js]
[themetechmount.net/opencart/jwellix/catalog/view/javascript/themetechmount_js/jquery.countdown.min.js]
[themetechmount.net/opencart/jwellix/catalog/view/javascript/jquery/magnific/jquery.magnific-popup.min.js]
[themetechmount.net/opencart/jwellix/catalog/view/javascript/jquery/owl-carousel/owl.carousel.min.js]
[themetechmount.net/opencart/jwellix/catalog/view/javascript/themetechmount_js/parallax.js]
[themetechmount.net/opencart/jwellix/catalog/view/javascript/themetechmount_js/animateparallax.js]
[themetechmount.net/opencart/jwellix/catalog/view/javascript/jquery/slick/slick.js]
[themetechmount.net/opencart/jwellix/catalog/language/en-gb/en-gb.png]
[themetechmount.net/opencart/jwellix/catalog/language/ar/ar.png]
[themetechmount.net/opencart/jwellix/image/catalog/logo.png]
[themetechmount.net/opencart/jwellix/image/catalog/banners/catbanner.jpg]
[themetechmount.net/opencart/jwellix/image/catalog/pro/12.jpg]
[themetechmount.net/opencart/jwellix/image/catalog/pro/10.jpg]
[themetechmount.net/opencart/jwellix/image/catalog/pro/19.jpg]
[themetechmount.net/opencart/jwellix/image/cache/catalog/banners/main-banner-01-1920x660.png]
[themetechmount.net/opencart/jwellix/image/cache/catalog/banners/main-banner-02-1920x660.png]
[themetechmount.net/opencart/jwellix/image/catalog/banners/banner_img1.jpg]
[themetechmount.net/opencart/jwellix/image/catalog/banners/banner_img2.jpg]
[themetechmount.net/opencart/jwellix/image/catalog/banners/banner_img3.jpg]
[themetechmount.net/opencart/jwellix/image/catalog/banners/banner_img4.jpg]
[themetechmount.net/opencart/jwellix/image/cache/catalog/pro/16-269x331.jpg]
[themetechmount.net/opencart/jwellix/image/cache/catalog/pro/11-269x331.jpg]
[themetechmount.net/opencart/jwellix/image/cache/catalog/pro/2-269x331.jpg]
[themetechmount.net/opencart/jwellix/image/cache/catalog/pro/20-269x331.jpg]
[themetechmount.net/opencart/jwellix/image/cache/catalog/pro/19-269x331.jpg]
[themetechmount.net/opencart/jwellix/image/cache/catalog/pro/9-269x331.jpg]
[themetechmount.net/opencart/jwellix/image/cache/catalog/pro/12-269x331.jpg]
[themetechmount.net/opencart/jwellix/image/cache/catalog/pro/18-269x331.jpg]
[themetechmount.net/opencart/jwellix/image/cache/catalog/pro/10-269x331.jpg]
[themetechmount.net/opencart/jwellix/image/cache/catalog/pro/5-269x331.jpg]
[themetechmount.net/opencart/jwellix/image/cache/catalog/pro/6-269x331.jpg]
[themetechmount.net/opencart/jwellix/image/cache/catalog/pro/7-269x331.jpg]
[themetechmount.net/opencart/jwellix/image/cache/catalog/pro/1-269x331.jpg]
[themetechmount.net/opencart/jwellix/image/cache/catalog/pro/13-269x331.jpg]
[themetechmount.net/opencart/jwellix/image/cache/catalog/pro/15-269x331.jpg]
[themetechmount.net/opencart/jwellix/image/catalog/banners/subbanner_img1.jpg]
[themetechmount.net/opencart/jwellix/image/catalog/banners/cat_banner1.jpg]
[themetechmount.net/opencart/jwellix/image/catalog/banners/cat_banner2.jpg]
[themetechmount.net/opencart/jwellix/image/cache/catalog/pro/8-269x331.jpg]
[themetechmount.net/opencart/jwellix/image/catalog/banners/avtar1.jpg]
[themetechmount.net/opencart/jwellix/image/catalog/banners/avtar2.jpg]
[themetechmount.net/opencart/jwellix/image/catalog/banners/avtar3.jpg]
[themetechmount.net/opencart/jwellix/image/cache/catalog/manufacturer/1-113x73.png]
[themetechmount.net/opencart/jwellix/image/cache/catalog/manufacturer/2-113x73.png]
[themetechmount.net/opencart/jwellix/image/cache/catalog/manufacturer/3-113x73.png]
[themetechmount.net/opencart/jwellix/image/cache/catalog/manufacturer/4-113x73.png]
[themetechmount.net/opencart/jwellix/image/cache/catalog/manufacturer/5-113x73.png]
[themetechmount.net/opencart/jwellix/image/cache/catalog/manufacturer/6-113x73.png]
[themetechmount.net/opencart/jwellix/image/cache/catalog/manufacturer/7-113x73.png]
[themetechmount.net/opencart/jwellix/image/cache/catalog/blog/6-870x563.jpg]
[themetechmount.net/opencart/jwellix/image/cache/catalog/blog/5-870x563.jpg]
[themetechmount.net/opencart/jwellix/image/cache/catalog/blog/4-870x563.jpg]
[themetechmount.net/opencart/jwellix/image/cache/catalog/blog/2-870x563.jpg]
[themetechmount.net/opencart/jwellix/image/cache/catalog/blog/3-870x563.jpg]
[themetechmount.net/opencart/jwellix/image/cache/catalog/blog/1-870x563.jpg]
[themetechmount.net/opencart/jwellix/image/catalog/footer-logo.png]
[themetechmount.net/opencart/jwellix/image/cache/catalog/gallery/1-870x753.jpg]
[themetechmount.net/opencart/jwellix/image/cache/catalog/gallery/15-870x753.jpg]
[themetechmount.net/opencart/jwellix/image/cache/catalog/gallery/7-870x753.jpg]
[themetechmount.net/opencart/jwellix/image/cache/catalog/gallery/16-870x753.jpg]
[themetechmount.net/opencart/jwellix/image/cache/catalog/gallery/14-870x753.jpg]
[themetechmount.net/opencart/jwellix/image/cache/catalog/gallery/13-870x753.jpg]
[themetechmount.net/opencart/jwellix/image/catalog/banners/card-1.png]
[themetechmount.net/opencart/jwellix/image/catalog/banners/card-2.png]
[themetechmount.net/opencart/jwellix/image/catalog/banners/card-3.png]
[themetechmount.net/opencart/jwellix/image/catalog/banners/card-4.png]
[themetechmount.net/opencart/jwellix/image/catalog/banners/card-5.png]
[themetechmount.net/opencart/jwellix/image/catalog/banners/card-6.png]
[themetechmount.net/opencart/jwellix/index.html]
[themetechmount.net/opencart/jwellix/catalog/view/javascript/font-awesome/fonts/fontawesome-webfont3e6e.eot]
[themetechmount.net/opencart/jwellix/catalog/view/javascript/font-awesome/fonts/fontawesome-webfontd41d.eot]
[themetechmount.net/opencart/jwellix/catalog/view/javascript/font-awesome/fonts/fontawesome-webfont3e6e.woff2]
[themetechmount.net/opencart/jwellix/catalog/view/javascript/font-awesome/fonts/fontawesome-webfont3e6e.woff]
[themetechmount.net/opencart/jwellix/catalog/view/javascript/font-awesome/fonts/fontawesome-webfont3e6e.ttf]
[themetechmount.net/opencart/jwellix/catalog/view/javascript/font-awesome/css/font-awesome.min.css]
[themetechmount.net/opencart/jwellix/catalog/view/theme/jwellix/image/themeimage/cat_arrow_hover.png]
[themetechmount.net/opencart/jwellix/catalog/view/theme/jwellix/image/themeimage/special-bg.png]
[themetechmount.net/opencart/jwellix/catalog/view/theme/jwellix/image/themeimage/testimonial-bg.png]
[themetechmount.net/opencart/jwellix/catalog/view/theme/jwellix/image/themeimage/footer-bg.png]
[themetechmount.net/opencart/jwellix/catalog/view/theme/jwellix/image/themeimage/divider.png]
[themetechmount.net/opencart/jwellix/catalog/view/theme/jwellix/image/themeimage/sprite.png]
[themetechmount.net/opencart/jwellix/catalog/view/theme/jwellix/image/themeimage/ajax-loader.gif]
[themetechmount.net/opencart/jwellix/catalog/view/theme/jwellix/image/themeimage/popup_news_img.png]
[themetechmount.net/opencart/jwellix/catalog/view/theme/jwellix/stylesheet/stylesheet.css]
[themetechmount.net/opencart/jwellix/catalog/view/theme/jwellix/image/lightbox/loading.gif]
[themetechmount.net/opencart/jwellix/catalog/view/theme/jwellix/stylesheet/themetechmount_css/lightbox.css]
[themetechmount.net/opencart/jwellix/catalog/view/javascript/jquery/magnific/magnific-popup.css]
[themetechmount.net/opencart/jwellix/catalog/view/javascript/jquery/owl-carousel/owl.carousel.css]
[themetechmount.net/opencart/jwellix/catalog/view/javascript/jquery/owl-carousel/owl.theme.default.min.css]
[themetechmount.net/opencart/jwellix/catalog/view/theme/jwellix/stylesheet/themetechmount_css/carousel.css]
[themetechmount.net/opencart/jwellix/catalog/view/theme/jwellix/image/themeimage/select-arrow-down.gif]
[themetechmount.net/opencart/jwellix/catalog/view/theme/jwellix/image/themeimage/select-arrow-up.gif]
[themetechmount.net/opencart/jwellix/catalog/view/theme/jwellix/stylesheet/themetechmount_css/custom.css]
[themetechmount.net/opencart/jwellix/catalog/view/javascript/bootstrap/fonts/glyphicons-halflings-regular.eot]
[themetechmount.net/opencart/jwellix/catalog/view/javascript/bootstrap/fonts/glyphicons-halflings-regulard41d.eot]
[themetechmount.net/opencart/jwellix/catalog/view/javascript/bootstrap/fonts/glyphicons-halflings-regular.woff]
[themetechmount.net/opencart/jwellix/catalog/view/javascript/bootstrap/fonts/glyphicons-halflings-regular.ttf]
[themetechmount.net/opencart/jwellix/catalog/view/theme/jwellix/stylesheet/themetechmount_css/bootstrap.min.css]
[themetechmount.net/opencart/jwellix/catalog/view/theme/jwellix/stylesheet/themetechmount_css/animate.css]
[themetechmount.net/opencart/jwellix/catalog/view/theme/jwellix/stylesheet/themetechmount_css/blightbox.css]
[themetechmount.net/opencart/jwellix/catalog/view/javascript/jquery/slick/slick.css]
[themetechmount.net/opencart/jwellix/catalog/view/javascript/jquery/slick/slick-theme.css]
[themetechmount.net/opencart/jwellix/catalog/view/javascript/jquery/swiper/css/swiper.min.css]
[themetechmount.net/opencart/jwellix/catalog/view/javascript/jquery/swiper/css/opencart.css]
[themetechmount.net/opencart/jwellix/index6431.html]
[themetechmount.net/opencart/jwellix/indexe223.html]
[themetechmount.net/opencart/jwellix/catalog/view/javascript/jquery/datetimepicker/moment/moment.min.js]
[themetechmount.net/opencart/jwellix/catalog/view/javascript/jquery/datetimepicker/moment/moment-with-locales.min.js]
[themetechmount.net/opencart/jwellix/catalog/view/javascript/jquery/datetimepicker/bootstrap-datetimepicker.min.js]
[themetechmount.net/opencart/jwellix/index5502.html]
[themetechmount.net/opencart/jwellix/index630e.html]
[themetechmount.net/opencart/jwellix/index9328.html]
[themetechmount.net/opencart/jwellix/image/cache/catalog/banners/left-banner-270x350.jpg]
[themetechmount.net/opencart/jwellix/image/cache/catalog/pro/7-77x94.jpg]
[themetechmount.net/opencart/jwellix/image/cache/catalog/pro/3-77x94.jpg]
[themetechmount.net/opencart/jwellix/image/cache/catalog/pro/15-77x94.jpg]
[themetechmount.net/opencart/jwellix/image/cache/catalog/pro/18-77x94.jpg]
[themetechmount.net/opencart/jwellix/image/cache/catalog/pro/12-77x94.jpg]
[themetechmount.net/opencart/jwellix/image/cache/catalog/pro/13-77x94.jpg]
[themetechmount.net/opencart/jwellix/image/cache/catalog/pro/10-77x94.jpg]
[themetechmount.net/opencart/jwellix/image/cache/catalog/pro/8-77x94.jpg]
[themetechmount.net/opencart/jwellix/image/cache/catalog/pro/20-77x94.jpg]
[themetechmount.net/opencart/jwellix/image/cache/catalog/pro/4-77x94.jpg]
[themetechmount.net/opencart/jwellix/image/cache/catalog/pro/14-77x94.jpg]
[themetechmount.net/opencart/jwellix/image/cache/catalog/pro/6-77x94.jpg]
[themetechmount.net/opencart/jwellix/image/cache/catalog/banners/leftbanner2-270x160.jpg]
[themetechmount.net/opencart/jwellix/image/cache/catalog/pro/16-77x94.jpg]
[themetechmount.net/opencart/jwellix/image/cache/catalog/pro/11-77x94.jpg]
[themetechmount.net/opencart/jwellix/image/cache/catalog/pro/2-77x94.jpg]
[themetechmount.net/opencart/jwellix/image/cache/catalog/pro/19-77x94.jpg]
[themetechmount.net/opencart/jwellix/image/cache/catalog/pro/9-77x94.jpg]
[themetechmount.net/opencart/jwellix/image/cache/catalog/pro/5-77x94.jpg]
[themetechmount.net/opencart/jwellix/image/cache/catalog/banners/catbanner-870x200.jpg]
[themetechmount.net/opencart/jwellix/image/catalog/pro/20.jpg]
[themetechmount.net/opencart/jwellix/image/catalog/pro/9.jpg]
[themetechmount.net/opencart/jwellix/image/catalog/pro/6.jpg]
[themetechmount.net/opencart/jwellix/image/cache/catalog/pro/14-269x331.jpg]
[themetechmount.net/opencart/jwellix/image/cache/catalog/pro/3-269x331.jpg]
[themetechmount.net/opencart/jwellix/image/cache/catalog/pro/4-269x331.jpg]
[themetechmount.net/opencart/jwellix/index8122.html]
[themetechmount.net/opencart/jwellix/image/cache/catalog/pro/20-870x200.jpg]
[themetechmount.net/opencart/jwellix/image/catalog/pro/3.jpg]
[themetechmount.net/opencart/jwellix/image/catalog/pro/5.jpg]
[themetechmount.net/opencart/jwellix/image/catalog/pro/4.jpg]
[themetechmount.net/opencart/jwellix/indexcd03.html]
[themetechmount.net/opencart/jwellix/image/cache/catalog/pro/3-870x200.jpg]
[themetechmount.net/opencart/jwellix/index6dd0.html]
[themetechmount.net/opencart/jwellix/image/cache/catalog/pro/5-870x200.jpg]
[themetechmount.net/opencart/jwellix/index334c.html]
[themetechmount.net/opencart/jwellix/image/cache/catalog/pro/4-870x200.jpg]
[themetechmount.net/opencart/jwellix/indexce22.html]
[themetechmount.net/opencart/jwellix/image/cache/catalog/pro/9-870x200.jpg]
[themetechmount.net/opencart/jwellix/image/catalog/pro/1.jpg]
[themetechmount.net/opencart/jwellix/image/catalog/pro/11.jpg]
[themetechmount.net/opencart/jwellix/indexbe11.html]
[themetechmount.net/opencart/jwellix/image/cache/catalog/pro/10-870x200.jpg]
[themetechmount.net/opencart/jwellix/indexcc97.html]
[themetechmount.net/opencart/jwellix/image/cache/catalog/pro/1-870x200.jpg]
[themetechmount.net/opencart/jwellix/index8221.html]
[themetechmount.net/opencart/jwellix/image/cache/catalog/pro/11-870x200.jpg]
[themetechmount.net/opencart/jwellix/indexdb87.html]
[themetechmount.net/opencart/jwellix/image/cache/catalog/pro/6-870x200.jpg]
[themetechmount.net/opencart/jwellix/image/catalog/pro/7.jpg]
[themetechmount.net/opencart/jwellix/image/catalog/pro/8.jpg]
[themetechmount.net/opencart/jwellix/indexa632.html]
[themetechmount.net/opencart/jwellix/index083d.html]
[themetechmount.net/opencart/jwellix/image/cache/catalog/pro/7-870x200.jpg]
[themetechmount.net/opencart/jwellix/index6514.html]
[themetechmount.net/opencart/jwellix/image/cache/catalog/pro/8-870x200.jpg]
[themetechmount.net/opencart/jwellix/indexd088.html]
[themetechmount.net/opencart/jwellix/image/cache/catalog/pro/12-870x200.jpg]
[themetechmount.net/opencart/jwellix/image/catalog/pro/18.jpg]
[themetechmount.net/opencart/jwellix/image/catalog/pro/15.jpg]
[themetechmount.net/opencart/jwellix/index98dc.html]
[themetechmount.net/opencart/jwellix/image/cache/catalog/pro/18-870x200.jpg]
[themetechmount.net/opencart/jwellix/indexd9fe.html]
[themetechmount.net/opencart/jwellix/image/cache/catalog/pro/15-870x200.jpg]
[themetechmount.net/opencart/jwellix/indexf345.html]
[themetechmount.net/opencart/jwellix/indexb152.html]
[themetechmount.net/opencart/jwellix/index70a9.html]
[themetechmount.net/opencart/jwellix/index1647.html]
[themetechmount.net/opencart/jwellix/indexc219.html]
[themetechmount.net/opencart/jwellix/image/catalog/pro/13.jpg]
[themetechmount.net/opencart/jwellix/image/catalog/pro/14.jpg]
[themetechmount.net/opencart/jwellix/indexe177.html]
[themetechmount.net/opencart/jwellix/image/cache/catalog/pro/13-870x200.jpg]
[themetechmount.net/opencart/jwellix/index0b4e.html]
[themetechmount.net/opencart/jwellix/image/cache/catalog/pro/14-870x200.jpg]
[themetechmount.net/opencart/jwellix/index6d46.html]
[themetechmount.net/opencart/jwellix/index68a7.html]
[themetechmount.net/opencart/jwellix/indexf3db.html]
[themetechmount.net/opencart/jwellix/index955a.html]
[themetechmount.net/opencart/jwellix/image/cache/catalog/pro/19-870x200.jpg]
[themetechmount.net/opencart/jwellix/index7fa3.html]
[themetechmount.net/opencart/jwellix/index9f41.html]
[themetechmount.net/opencart/jwellix/index8470.html]
[themetechmount.net/opencart/jwellix/indexc957.html]
[themetechmount.net/opencart/jwellix/index68ea.html]
[themetechmount.net/opencart/jwellix/image/cache/catalog/pro/2-870x200.jpg]
[themetechmount.net/opencart/jwellix/index0217.html]
[themetechmount.net/opencart/jwellix/indexc295.html]
[themetechmount.net/opencart/jwellix/index7cb2.html]
[themetechmount.net/opencart/jwellix/index8816.html]
[themetechmount.net/opencart/jwellix/index2724.html]
[1map.com/js/script-for-userb6c3.js]
[themetechmount.net/opencart/jwellix/index9e5e.html]
[themetechmount.net/opencart/jwellix/image/cache/catalog/pro/16-800x984.jpg]
[themetechmount.net/opencart/jwellix/image/cache/catalog/pro/16-470x578.jpg]
[themetechmount.net/opencart/jwellix/image/cache/catalog/pro/11-800x984.jpg]
[themetechmount.net/opencart/jwellix/image/cache/catalog/pro/11-470x578.jpg]
[themetechmount.net/opencart/jwellix/image/cache/catalog/pro/12-800x984.jpg]
[themetechmount.net/opencart/jwellix/image/cache/catalog/pro/12-470x578.jpg]
[themetechmount.net/opencart/jwellix/image/cache/catalog/pro/13-800x984.jpg]
[themetechmount.net/opencart/jwellix/image/cache/catalog/pro/13-470x578.jpg]
[themetechmount.net/opencart/jwellix/image/cache/catalog/pro/18-800x984.jpg]
[themetechmount.net/opencart/jwellix/image/cache/catalog/pro/18-470x578.jpg]
[themetechmount.net/opencart/jwellix/image/cache/catalog/pro/19-800x984.jpg]
[themetechmount.net/opencart/jwellix/image/cache/catalog/pro/19-470x578.jpg]
[themetechmount.net/opencart/jwellix/image/cache/catalog/pro/2-800x984.jpg]
[themetechmount.net/opencart/jwellix/image/cache/catalog/pro/2-470x578.jpg]
[themetechmount.net/opencart/jwellix/image/catalog/banners/ad_img1.png]
[themetechmount.net/opencart/jwellix/image/catalog/banners/ad_img2.png]
[themetechmount.net/opencart/jwellix/index75be.html]
[themetechmount.net/opencart/jwellix/indexabd0.html]
[themetechmount.net/opencart/jwellix/image/cache/catalog/pro/20-800x984.jpg]
[themetechmount.net/opencart/jwellix/image/cache/catalog/pro/20-470x578.jpg]
[themetechmount.net/opencart/jwellix/image/cache/catalog/pro/3-800x984.jpg]
[themetechmount.net/opencart/jwellix/image/cache/catalog/pro/3-470x578.jpg]
[themetechmount.net/opencart/jwellix/image/cache/catalog/pro/1-800x984.jpg]
[themetechmount.net/opencart/jwellix/image/cache/catalog/pro/1-470x578.jpg]
[themetechmount.net/opencart/jwellix/image/cache/catalog/pro/10-800x984.jpg]
[themetechmount.net/opencart/jwellix/image/cache/catalog/pro/10-470x578.jpg]
[themetechmount.net/opencart/jwellix/image/cache/catalog/pro/15-800x984.jpg]
[themetechmount.net/opencart/jwellix/image/cache/catalog/pro/15-470x578.jpg]
[themetechmount.net/opencart/jwellix/index3d7a.html]
[themetechmount.net/opencart/jwellix/indexc983.html]
[themetechmount.net/opencart/jwellix/image/cache/catalog/pro/9-800x984.jpg]
[themetechmount.net/opencart/jwellix/image/cache/catalog/pro/9-470x578.jpg]
[themetechmount.net/opencart/jwellix/image/cache/catalog/pro/14-800x984.jpg]
[themetechmount.net/opencart/jwellix/image/cache/catalog/pro/14-470x578.jpg]
[themetechmount.net/opencart/jwellix/indexb77e.html]
[themetechmount.net/opencart/jwellix/indexdd37.html]
[themetechmount.net/opencart/jwellix/image/cache/catalog/pro/4-800x984.jpg]
[themetechmount.net/opencart/jwellix/image/cache/catalog/pro/4-470x578.jpg]
[themetechmount.net/opencart/jwellix/image/cache/catalog/pro/6-800x984.jpg]
[themetechmount.net/opencart/jwellix/image/cache/catalog/pro/6-470x578.jpg]
[themetechmount.net/opencart/jwellix/indexd21c.html]
[themetechmount.net/opencart/jwellix/index7f5a.html]
[themetechmount.net/opencart/jwellix/image/cache/catalog/pro/5-800x984.jpg]
[themetechmount.net/opencart/jwellix/image/cache/catalog/pro/5-470x578.jpg]
[themetechmount.net/opencart/jwellix/index2ebe.html]
[themetechmount.net/opencart/jwellix/index30de.html]
[themetechmount.net/opencart/jwellix/image/cache/catalog/pro/17-800x984.jpg]
[themetechmount.net/opencart/jwellix/image/cache/catalog/pro/17-470x578.jpg]
[themetechmount.net/opencart/jwellix/index531d.html]
[themetechmount.net/opencart/jwellix/index63bb.html]
[themetechmount.net/opencart/jwellix/image/cache/catalog/pro/7-800x984.jpg]
[themetechmount.net/opencart/jwellix/image/cache/catalog/pro/7-470x578.jpg]
[themetechmount.net/opencart/jwellix/indexd94c.html]
[themetechmount.net/opencart/jwellix/index5b4c.html]
[themetechmount.net/opencart/jwellix/indexb8ca.html]
[themetechmount.net/opencart/jwellix/indexff8a.html]
[themetechmount.net/opencart/jwellix/index5e0b.html]
[themetechmount.net/opencart/jwellix/index0d3e.html]
[themetechmount.net/opencart/jwellix/index6320.html]
[themetechmount.net/opencart/jwellix/index097a.html]
[themetechmount.net/opencart/jwellix/indexf073.html]
[themetechmount.net/opencart/jwellix/indexeca1.html]
[themetechmount.net/opencart/jwellix/index0f47.html]
[themetechmount.net/opencart/jwellix/indexf72e.html]
[themetechmount.net/opencart/jwellix/image/cache/catalog/pro/8-800x984.jpg]
[themetechmount.net/opencart/jwellix/image/cache/catalog/pro/8-470x578.jpg]
[themetechmount.net/opencart/jwellix/indexcae8.html]
[themetechmount.net/opencart/jwellix/index059b.html]
[themetechmount.net/opencart/jwellix/index3d49.html]
[themetechmount.net/opencart/jwellix/indexb52a.html]
[themetechmount.net/opencart/jwellix/index4582.html]
[themetechmount.net/opencart/jwellix/indexf833.html]
[themetechmount.net/opencart/jwellix/index8130.html]
[themetechmount.net/opencart/jwellix/indexeb69.html]
[themetechmount.net/opencart/jwellix/index1766.html]
[themetechmount.net/opencart/jwellix/index1679.html]
[themetechmount.net/opencart/jwellix/index99e4.html]
[themetechmount.net/opencart/jwellix/index3d18.html]
[themetechmount.net/opencart/jwellix/indexbced.html]
[themetechmount.net/opencart/jwellix/indexd773.html]
[themetechmount.net/opencart/jwellix/index4dd2.html]
[themetechmount.net/opencart/jwellix/indexf110.html]
[themetechmount.net/opencart/jwellix/image/cache/catalog/gallery/2-870x753.jpg]
[themetechmount.net/opencart/jwellix/image/cache/catalog/gallery/6-870x753.jpg]
[themetechmount.net/opencart/jwellix/image/cache/catalog/gallery/3-870x753.jpg]
[themetechmount.net/opencart/jwellix/image/cache/catalog/gallery/5-870x753.jpg]
[themetechmount.net/opencart/jwellix/image/cache/catalog/gallery/4-870x753.jpg]
[themetechmount.net/opencart/jwellix/indexee07.html]
[themetechmount.net/opencart/jwellix/index59d5.html]
[themetechmount.net/opencart/jwellix/image/cache/catalog/gallery/10-870x753.jpg]
[themetechmount.net/opencart/jwellix/image/cache/catalog/gallery/11-870x753.jpg]
[themetechmount.net/opencart/jwellix/image/cache/catalog/gallery/12-870x753.jpg]
[themetechmount.net/opencart/jwellix/image/cache/catalog/gallery/8-870x753.jpg]
[themetechmount.net/opencart/jwellix/image/cache/catalog/gallery/9-870x753.jpg]
[themetechmount.net/opencart/jwellix/indexe86b.html]
[themetechmount.net/opencart/jwellix/indexa8c2.html]
[themetechmount.net/opencart/jwellix/indexf038.html]
[themetechmount.net/opencart/jwellix/index5e5e.html]
[themetechmount.net/opencart/jwellix/catalog/view/javascript/font-awesome/fonts/fontawesome-webfont3e6e.svg]
[themetechmount.net/opencart/jwellix/catalog/view/theme/jwellix/image/themeimage/header-setting.svg]
[themetechmount.net/opencart/jwellix/catalog/view/theme/jwellix/image/themeimage/header-callicon.svg]
[themetechmount.net/opencart/jwellix/catalog/view/theme/jwellix/image/themeimage/header-search.svg]
[themetechmount.net/opencart/jwellix/catalog/view/theme/jwellix/image/themeimage/header-search-hover.svg]
[themetechmount.net/opencart/jwellix/catalog/view/theme/jwellix/image/themeimage/header-close.svg]
[themetechmount.net/opencart/jwellix/catalog/view/theme/jwellix/image/themeimage/header-close-hover.svg]
[themetechmount.net/opencart/jwellix/catalog/view/theme/jwellix/image/themeimage/header-cart.svg]
[themetechmount.net/opencart/jwellix/catalog/view/theme/jwellix/image/themeimage/call.html]
[themetechmount.net/opencart/jwellix/catalog/view/theme/jwellix/image/themeimage/cms-banner-icon.html]
[themetechmount.net/opencart/jwellix/catalog/view/theme/jwellix/image/themeimage/cms-banner-icon-hover.html]
[themetechmount.net/opencart/jwellix/catalog/view/theme/jwellix/image/themeimage/category.html]
[themetechmount.net/opencart/jwellix/catalog/view/theme/jwellix/image/themeimage/prod-next.svg]
[themetechmount.net/opencart/jwellix/catalog/view/theme/jwellix/image/themeimage/prod-prev.svg]
[themetechmount.net/opencart/jwellix/catalog/view/theme/jwellix/image/themeimage/testimonial-quote.svg]
[themetechmount.net/opencart/jwellix/catalog/view/theme/jwellix/image/themeimage/blog-link.html]
[themetechmount.net/opencart/jwellix/catalog/view/theme/jwellix/image/themeimage/footer-arrow.svg]
[themetechmount.net/opencart/jwellix/catalog/view/theme/jwellix/image/themeimage/product-cart.svg]
[themetechmount.net/opencart/jwellix/catalog/view/theme/jwellix/image/themeimage/product-cart-hover.svg]
[themetechmount.net/opencart/jwellix/catalog/view/theme/jwellix/image/themeimage/product-wishlist.svg]
[themetechmount.net/opencart/jwellix/catalog/view/theme/jwellix/image/themeimage/product-wishlist-hover.svg]
[themetechmount.net/opencart/jwellix/catalog/view/theme/jwellix/image/themeimage/product-compare.svg]
[themetechmount.net/opencart/jwellix/catalog/view/theme/jwellix/image/themeimage/product-compare-hover.svg]
[themetechmount.net/opencart/jwellix/catalog/view/theme/jwellix/image/themeimage/product-zoom.svg]
[themetechmount.net/opencart/jwellix/catalog/view/theme/jwellix/image/themeimage/product-zoom-hover.svg]
[themetechmount.net/opencart/jwellix/catalog/view/theme/jwellix/image/themeimage/top-button.svg]
[themetechmount.net/opencart/jwellix/catalog/view/theme/jwellix/image/themeimage/service-1.svg]
[themetechmount.net/opencart/jwellix/catalog/view/theme/jwellix/image/themeimage/service-2.svg]
[themetechmount.net/opencart/jwellix/catalog/view/theme/jwellix/image/themeimage/service-3.svg]
[themetechmount.net/opencart/jwellix/catalog/view/theme/jwellix/image/themeimage/service-4.svg]
[themetechmount.net/opencart/jwellix/catalog/view/theme/jwellix/image/themeimage/vertical-menu.svg]
[themetechmount.net/opencart/jwellix/catalog/view/theme/jwellix/image/themeimage/menu-list.svg]
[themetechmount.net/opencart/jwellix/catalog/view/theme/jwellix/image/themeimage/offerbg.html]
[themetechmount.net/opencart/jwellix/catalog/view/theme/jwellix/image/themeimage/offerbg1.html]
[themetechmount.net/opencart/jwellix/catalog/view/theme/jwellix/image/themeimage/offerbg2.html]
[themetechmount.net/opencart/jwellix/catalog/view/theme/jwellix/image/themeimage/bg3.html]
[themetechmount.net/opencart/jwellix/catalog/view/theme/jwellix/image/themeimage/bg4.html]
[themetechmount.net/opencart/jwellix/catalog/view/theme/jwellix/image/themeimage/product_bg.html]
[themetechmount.net/opencart/jwellix/catalog/view/theme/jwellix/image/lightbox/close.svg]
[themetechmount.net/opencart/jwellix/catalog/view/theme/jwellix/image/lightbox/prev.svg]
[themetechmount.net/opencart/jwellix/catalog/view/theme/jwellix/image/lightbox/next.svg]
[themetechmount.net/opencart/jwellix/catalog/view/javascript/jquery/owl-carousel/owl.video.play.html]
[themetechmount.net/opencart/jwellix/catalog/view/theme/jwellix/image/themeimage/sidebar-prod-prev.svg]
[themetechmount.net/opencart/jwellix/catalog/view/theme/jwellix/image/themeimage/sidebar-prod-next.svg]
[themetechmount.net/opencart/jwellix/catalog/view/theme/jwellix/image/themeimage/sidebar-prod-prev-hover.svg]
[themetechmount.net/opencart/jwellix/catalog/view/theme/jwellix/image/themeimage/sidebar-prod-next-hover.svg]
[themetechmount.net/opencart/jwellix/catalog/view/theme/jwellix/image/themeimage/prod-prev-hover.svg]
[themetechmount.net/opencart/jwellix/catalog/view/theme/jwellix/image/themeimage/prod-next-hover.svg]
[themetechmount.net/opencart/jwellix/catalog/view/theme/jwellix/image/themeimage/fancybox_sprite.html]
[themetechmount.net/opencart/jwellix/catalog/view/theme/jwellix/image/themeimage/fancybox_loading.html]
[themetechmount.net/opencart/jwellix/catalog/view/theme/jwellix/image/themeimage/blank.html]
[themetechmount.net/opencart/jwellix/catalog/view/theme/jwellix/image/themeimage/fancybox_overlay.html]
[themetechmount.net/opencart/jwellix/catalog/view/theme/jwellix/image/themeimage/menu.svg]
[themetechmount.net/opencart/jwellix/catalog/view/theme/jwellix/image/themeimage/menu-hover.svg]
[themetechmount.net/opencart/jwellix/catalog/view/theme/jwellix/image/themeimage/zoom.html]
[themetechmount.net/opencart/jwellix/catalog/view/javascript/bootstrap/fonts/glyphicons-halflings-regular.svg]
[themetechmount.net/opencart/jwellix/catalog/view/javascript/jquery/swiper/img/slider-prev.svg]
[themetechmount.net/opencart/jwellix/catalog/view/javascript/jquery/swiper/img/slider-prev-hover.svg]
[themetechmount.net/opencart/jwellix/catalog/view/javascript/jquery/swiper/img/slider-next.svg]
[themetechmount.net/opencart/jwellix/catalog/view/javascript/jquery/swiper/img/slider-next-hover.svg]
[themetechmount.net/opencart/jwellix/indexacda.html]
[themetechmount.net/opencart/jwellix/catalog/view/javascript/jquery/datetimepicker/bootstrap-datetimepicker.min.css]
[themetechmount.net/opencart/jwellix/index11ee.html]
[themetechmount.net/opencart/jwellix/indexaf7a.html]
[themetechmount.net/opencart/jwellix/indexad43.html]
[themetechmount.net/opencart/jwellix/indexbb02.html]
[themetechmount.net/opencart/jwellix/index9144.html]
[themetechmount.net/opencart/jwellix/indexc21e.html]
[themetechmount.net/opencart/jwellix/indexbfcf.html]
[themetechmount.net/opencart/jwellix/indexa127.html]
[themetechmount.net/opencart/jwellix/index5467.html]
[themetechmount.net/opencart/jwellix/indexf175.html]
[themetechmount.net/opencart/jwellix/index001d.html]
[themetechmount.net/opencart/jwellix/index42c4.html]
[themetechmount.net/opencart/jwellix/indexd800.html]
[themetechmount.net/opencart/jwellix/indexcc55.html]
[themetechmount.net/opencart/jwellix/indexe41d.html]
[themetechmount.net/opencart/jwellix/indexeb66.html]
[themetechmount.net/opencart/jwellix/index17fa.html]
[themetechmount.net/opencart/jwellix/indexe43c.html]
[themetechmount.net/opencart/jwellix/index0e0a.html]
[themetechmount.net/opencart/jwellix/index3467.html]
[themetechmount.net/opencart/jwellix/index9b7b.html]
[themetechmount.net/opencart/jwellix/index1fd0.html]
[themetechmount.net/opencart/jwellix/index13e5.html]
[themetechmount.net/opencart/jwellix/indexac72.html]
[themetechmount.net/opencart/jwellix/indexccf5.html]
[themetechmount.net/opencart/jwellix/index0f4d.html]
[themetechmount.net/opencart/jwellix/index8501.html]
[themetechmount.net/opencart/jwellix/index0556.html]
[themetechmount.net/opencart/jwellix/index3365.html]
[themetechmount.net/opencart/jwellix/index28a2.html]
[themetechmount.net/opencart/jwellix/indexafb6.html]
[themetechmount.net/opencart/jwellix/indexccd5.html]
[themetechmount.net/opencart/jwellix/index81cb.html]
[themetechmount.net/opencart/jwellix/index81d2.html]
[themetechmount.net/opencart/jwellix/index4cdc.html]
[themetechmount.net/opencart/jwellix/indexd056.html]
[themetechmount.net/opencart/jwellix/indexc7ff.html]
[themetechmount.net/opencart/jwellix/index616b.html]
[themetechmount.net/opencart/jwellix/indexb329.html]
[themetechmount.net/opencart/jwellix/indexb9b4.html]
[themetechmount.net/opencart/jwellix/index0abb.html]
[themetechmount.net/opencart/jwellix/index714c.html]
[themetechmount.net/opencart/jwellix/index4516.html]
[themetechmount.net/opencart/jwellix/index2801.html]
[themetechmount.net/opencart/jwellix/index2f71.html]
[themetechmount.net/opencart/jwellix/indexe931.html]
[themetechmount.net/opencart/jwellix/indexccf6.html]
[themetechmount.net/opencart/jwellix/indexf341.html]
[themetechmount.net/opencart/jwellix/indexfd9e.html]
[themetechmount.net/opencart/jwellix/index17bf.html]
[themetechmount.net/opencart/jwellix/index5f32.html]
[themetechmount.net/opencart/jwellix/indexd67e.html]
[themetechmount.net/opencart/jwellix/index2714.html]
[themetechmount.net/opencart/jwellix/index8d24.html]
[themetechmount.net/opencart/jwellix/index5d9a.html]
[themetechmount.net/opencart/jwellix/index6f63.html]
[themetechmount.net/opencart/jwellix/index1030.html]
[themetechmount.net/opencart/jwellix/index879b.html]
[themetechmount.net/opencart/jwellix/index1645.html]
[themetechmount.net/opencart/jwellix/index8bbb.html]
[themetechmount.net/opencart/jwellix/indexb7b9.html]
[themetechmount.net/opencart/jwellix/indexf753.html]
[themetechmount.net/opencart/jwellix/index5433.html]
[themetechmount.net/opencart/jwellix/indexebf3.html]
[themetechmount.net/opencart/jwellix/index4dba.html]
[themetechmount.net/opencart/jwellix/index3569.html]
[themetechmount.net/opencart/jwellix/index1bd2.html]
[themetechmount.net/opencart/jwellix/index5f5b.html]
[themetechmount.net/opencart/jwellix/index3e43.html]
[themetechmount.net/opencart/jwellix/index9bb0.html]
[themetechmount.net/opencart/jwellix/index5c81.html]
[themetechmount.net/opencart/jwellix/index7956.html]
[themetechmount.net/opencart/jwellix/indexfa89.html]
[themetechmount.net/opencart/jwellix/index608e.html]
[themetechmount.net/opencart/jwellix/index0027.html]
[themetechmount.net/opencart/jwellix/indexf451.html]
[themetechmount.net/opencart/jwellix/index054a.html]
[themetechmount.net/opencart/jwellix/index8596.html]
[themetechmount.net/opencart/jwellix/index27fa.html]
[themetechmount.net/opencart/jwellix/index4077.html]
[themetechmount.net/opencart/jwellix/indexf458.html]
[themetechmount.net/opencart/jwellix/indexe11d.html]
[themetechmount.net/opencart/jwellix/index6ab5.html]
[themetechmount.net/opencart/jwellix/index662d.html]
[themetechmount.net/opencart/jwellix/indexee25.html]
[themetechmount.net/opencart/jwellix/index7e2c.html]
[themetechmount.net/opencart/jwellix/index5b9e.html]
[themetechmount.net/opencart/jwellix/index0cf6.html]
[themetechmount.net/opencart/jwellix/index3e75.html]
[themetechmount.net/opencart/jwellix/index9614.html]
[themetechmount.net/opencart/jwellix/index11e0.html]
[themetechmount.net/opencart/jwellix/index3d85.html]
[themetechmount.net/opencart/jwellix/indexd959.html]
[themetechmount.net/opencart/jwellix/indexcf81.html]
[themetechmount.net/opencart/jwellix/indexf596.html]
[themetechmount.net/opencart/jwellix/indexedcd.html]
[themetechmount.net/opencart/jwellix/index5c51.html]
[themetechmount.net/opencart/jwellix/index96ff.html]
[themetechmount.net/opencart/jwellix/indexefc3.html]
[themetechmount.net/opencart/jwellix/index21f5.html]
[themetechmount.net/opencart/jwellix/image/no_image.png]
[themetechmount.net/opencart/jwellix/image/placeholder.png]
[themetechmount.net/opencart/jwellix/image/profile.png]
[themetechmount.net/opencart/jwellix/image/index.html]
[themetechmount.net/opencart/jwellix/index0231.html]
[themetechmount.net/opencart/jwellix/index95ce.html]
[themetechmount.net/opencart/jwellix/index15f6.html]
[themetechmount.net/opencart/jwellix/indexed3b.html]
[themetechmount.net/opencart/jwellix/index2c15.html]
[themetechmount.net/opencart/jwellix/indexc06c.html]
[themetechmount.net/opencart/jwellix/index65f8.html]
[themetechmount.net/opencart/jwellix/indexf75d.html]
[themetechmount.net/opencart/jwellix/index8476.html]
[themetechmount.net/opencart/jwellix/index12b7.html]
[themetechmount.net/opencart/jwellix/indexa272.html]
[themetechmount.net/opencart/jwellix/index0493.html]
[themetechmount.net/opencart/jwellix/index98dc-2.html]
[themetechmount.net/opencart/jwellix/index509d.html]
[themetechmount.net/opencart/jwellix/indexfca0.html]
[themetechmount.net/opencart/jwellix/index32a4.html]
[themetechmount.net/opencart/jwellix/index66aa.html]
[themetechmount.net/opencart/jwellix/indexbeb4.html]
[themetechmount.net/opencart/jwellix/indexd626.html]
[themetechmount.net/opencart/jwellix/indexcff6.html]
[themetechmount.net/opencart/jwellix/index1c7e.html]
[themetechmount.net/opencart/jwellix/index7093.html]
[themetechmount.net/opencart/jwellix/indexf09d.html]
[themetechmount.net/opencart/jwellix/index21f1.html]
[themetechmount.net/opencart/jwellix/index8cc5.html]
[themetechmount.net/opencart/jwellix/index13cb.html]
[themetechmount.net/opencart/jwellix/indexa161.html]
[themetechmount.net/opencart/jwellix/indexcd5f.html]
[themetechmount.net/opencart/jwellix/indexcc0e.html]
[themetechmount.net/opencart/jwellix/index67d1.html]
[themetechmount.net/opencart/jwellix/index99b0.html]
[themetechmount.net/opencart/jwellix/indexaa17.html]
[themetechmount.net/opencart/jwellix/indexc262.html]
[themetechmount.net/opencart/jwellix/index8e1e.html]
[themetechmount.net/opencart/jwellix/index103d.html]
[themetechmount.net/opencart/jwellix/index7b1f.html]
[themetechmount.net/opencart/jwellix/indexee10.html]
[themetechmount.net/opencart/jwellix/index77f4.html]
[themetechmount.net/opencart/jwellix/index911d.html]
[themetechmount.net/opencart/jwellix/indexd992.html]
[themetechmount.net/opencart/jwellix/index8539.html]
[themetechmount.net/opencart/jwellix/indexab06.html]
[themetechmount.net/opencart/jwellix/index8906.html]
[themetechmount.net/opencart/jwellix/index2835.html]
[themetechmount.net/opencart/jwellix/index71c2.html]
[themetechmount.net/opencart/jwellix/index859f.html]
[themetechmount.net/opencart/jwellix/indexa567.html]
[themetechmount.net/opencart/jwellix/index21a8.html]
[themetechmount.net/opencart/jwellix/indexe632.html]
[themetechmount.net/opencart/jwellix/indexb42f.html]
[themetechmount.net/opencart/jwellix/index0a01.html]
[themetechmount.net/opencart/jwellix/index45b9.html]
[themetechmount.net/opencart/jwellix/indexbf67.html]
[themetechmount.net/opencart/jwellix/index4928.html]
[themetechmount.net/opencart/jwellix/index1527.html]
[themetechmount.net/opencart/jwellix/index20fd.html]
[themetechmount.net/opencart/jwellix/indexb95c.html]
[themetechmount.net/opencart/jwellix/indexd571.html]
[themetechmount.net/opencart/jwellix/index95b0.html]
[themetechmount.net/opencart/jwellix/index01ec.html]
[themetechmount.net/opencart/jwellix/indexfc82.html]
[themetechmount.net/opencart/jwellix/indexd592.html]
[themetechmount.net/opencart/jwellix/index539d.html]
[themetechmount.net/opencart/jwellix/index8b28.html]
[themetechmount.net/opencart/jwellix/indexb4cc.html]
[themetechmount.net/opencart/jwellix/index74bc.html]
[themetechmount.net/opencart/jwellix/indexfb03.html]
[themetechmount.net/opencart/jwellix/indexdce4.html]
[themetechmount.net/opencart/jwellix/index86b9.html]
[themetechmount.net/opencart/jwellix/index9860.html]
[themetechmount.net/opencart/jwellix/index7b74.html]
[themetechmount.net/opencart/jwellix/index9550.html]
[themetechmount.net/opencart/jwellix/index01d0.html]
[themetechmount.net/opencart/jwellix/index9566.html]
[themetechmount.net/opencart/jwellix/index873e.html]
[themetechmount.net/opencart/jwellix/indexbd00.html]
[themetechmount.net/opencart/jwellix/indexa345.html]
[themetechmount.net/opencart/jwellix/index9647.html]
[themetechmount.net/opencart/jwellix/index1555.html]
[themetechmount.net/opencart/jwellix/index97a5.html]
[themetechmount.net/opencart/jwellix/index4562.html]
[themetechmount.net/opencart/jwellix/index64b3.html]
[themetechmount.net/opencart/jwellix/index2724-2.html]
[themetechmount.net/opencart/jwellix/index73c4.html]
[themetechmount.net/opencart/jwellix/indexa341.html]
[themetechmount.net/opencart/jwellix/indexfac8.html]
[themetechmount.net/opencart/jwellix/index0a97.html]
[themetechmount.net/opencart/jwellix/index9aba.html]
[themetechmount.net/opencart/jwellix/index6d6f.html]
[themetechmount.net/opencart/jwellix/index1e1c.html]
[themetechmount.net/opencart/jwellix/index362b.html]
[themetechmount.net/opencart/jwellix/index5b2d.html]
[themetechmount.net/opencart/jwellix/index6a4d.html]
[themetechmount.net/opencart/jwellix/index0ac7.html]
[themetechmount.net/opencart/jwellix/indexa4c1.html]
[themetechmount.net/opencart/jwellix/indexe69c.html]
[themetechmount.net/opencart/jwellix/indexa56d.html]
[themetechmount.net/opencart/jwellix/indexa17e.html]
[themetechmount.net/opencart/jwellix/indexcc95.html]
[themetechmount.net/opencart/jwellix/index027f.html]
[themetechmount.net/opencart/jwellix/index8be0.html]
[themetechmount.net/opencart/jwellix/index0081.html]
[themetechmount.net/opencart/jwellix/index98fa.html]
[themetechmount.net/opencart/jwellix/index22dd.html]
[themetechmount.net/opencart/jwellix/index535a.html]
[themetechmount.net/opencart/jwellix/indexd7fb.html]
[themetechmount.net/opencart/jwellix/index6f9e.html]
[themetechmount.net/opencart/jwellix/index54e6.html]
[themetechmount.net/opencart/jwellix/index43b9.html]
[themetechmount.net/opencart/jwellix/indexcd0a.html]
[themetechmount.net/opencart/jwellix/indexc9d7.html]
[themetechmount.net/opencart/jwellix/index4a81.html]
[themetechmount.net/opencart/jwellix/index5e06.html]
[themetechmount.net/opencart/jwellix/index74a7.html]
[themetechmount.net/opencart/jwellix/indexfbbe.html]
[themetechmount.net/opencart/jwellix/index7997.html]
[themetechmount.net/opencart/jwellix/index4bcc.html]
[themetechmount.net/opencart/jwellix/indexc1fa.html]
[themetechmount.net/opencart/jwellix/indexf63b.html]
[themetechmount.net/opencart/jwellix/indexf68b.html]
[themetechmount.net/opencart/jwellix/index50de.html]
[themetechmount.net/opencart/jwellix/indexf9e1.html]
[themetechmount.net/opencart/jwellix/indexd467.html]
[themetechmount.net/opencart/jwellix/index09cd.html]
[themetechmount.net/opencart/jwellix/index3be2.html]
[themetechmount.net/opencart/jwellix/indexb110.html]
[themetechmount.net/opencart/jwellix/index447b.html]
[themetechmount.net/opencart/jwellix/index1240.html]
[themetechmount.net/opencart/jwellix/index9192.html]
[themetechmount.net/opencart/jwellix/index5284.html]
[themetechmount.net/opencart/jwellix/indexef89.html]
[themetechmount.net/opencart/jwellix/index204d.html]
[themetechmount.net/opencart/jwellix/indexcd34.html]
[themetechmount.net/opencart/jwellix/indexb287.html]
[themetechmount.net/opencart/jwellix/index8ec9.html]
[themetechmount.net/opencart/jwellix/indexc698.html]
[themetechmount.net/opencart/jwellix/indexcda5.html]
[themetechmount.net/opencart/jwellix/indexe7b4.html]
[themetechmount.net/opencart/jwellix/index2ade.html]
[themetechmount.net/opencart/jwellix/index8551.html]
[themetechmount.net/opencart/jwellix/index8534.html]
[themetechmount.net/opencart/jwellix/indexa5ad.html]
[themetechmount.net/opencart/jwellix/index4753.html]
[themetechmount.net/opencart/jwellix/index6b18.html]
[themetechmount.net/opencart/jwellix/indexf970.html]
[themetechmount.net/opencart/jwellix/index9ea6.html]
[themetechmount.net/opencart/jwellix/indexb141.html]
[themetechmount.net/opencart/jwellix/index5b20.html]
[themetechmount.net/opencart/jwellix/index1110.html]
[themetechmount.net/opencart/jwellix/indexed57.html]
[themetechmount.net/opencart/jwellix/index6caa.html]
[themetechmount.net/opencart/jwellix/index3b66.html]
[themetechmount.net/opencart/jwellix/index27e7.html]
[themetechmount.net/opencart/jwellix/index3246.html]
[themetechmount.net/opencart/jwellix/index2d51.html]
[themetechmount.net/opencart/jwellix/index8669.html]
[themetechmount.net/opencart/jwellix/indexcd4d.html]
[themetechmount.net/opencart/jwellix/index6afe.html]
[themetechmount.net/opencart/jwellix/index35eb.html]
[themetechmount.net/opencart/jwellix/index0845.html]
[themetechmount.net/opencart/jwellix/indexc62b.html]
[themetechmount.net/opencart/jwellix/indexaacf.html]
[themetechmount.net/opencart/jwellix/index3b04.html]
[themetechmount.net/opencart/jwellix/index88ef.html]
[themetechmount.net/opencart/jwellix/indexd9f4.html]
[themetechmount.net/opencart/jwellix/index5af9.html]
[themetechmount.net/opencart/jwellix/index251f.html]
[themetechmount.net/opencart/jwellix/index1b3e.html]
[themetechmount.net/opencart/jwellix/indexe6a5.html]
[themetechmount.net/opencart/jwellix/index7dd9.html]
[themetechmount.net/opencart/jwellix/indexb620.html]
[themetechmount.net/opencart/jwellix/index0eee.html]
[themetechmount.net/opencart/jwellix/index146e.html]
[themetechmount.net/opencart/jwellix/indexc4fa.html]
[themetechmount.net/opencart/jwellix/indexc897.html]
[themetechmount.net/opencart/jwellix/indexf21a.html]
[themetechmount.net/opencart/jwellix/indexf470.html]
[themetechmount.net/opencart/jwellix/index9932.html]
[themetechmount.net/opencart/jwellix/index3f41.html]
[themetechmount.net/opencart/jwellix/index116a.html]
[themetechmount.net/opencart/jwellix/index4f81.html]
[themetechmount.net/opencart/jwellix/index227a.html]
[themetechmount.net/opencart/jwellix/indexdc9b.html]
[themetechmount.net/opencart/jwellix/indexace3.html]
[themetechmount.net/opencart/jwellix/indexccba.html]
[themetechmount.net/opencart/jwellix/indexde48.html]
[themetechmount.net/opencart/jwellix/indexce1a.html]
[themetechmount.net/opencart/jwellix/indexcf62.html]
[themetechmount.net/opencart/jwellix/indexa1a3.html]
[themetechmount.net/opencart/jwellix/indexb148.html]
[themetechmount.net/opencart/jwellix/indexa2bf.html]
[themetechmount.net/opencart/jwellix/indexbb1e.html]
[themetechmount.net/opencart/jwellix/index5272.html]
[themetechmount.net/opencart/jwellix/indexcd58.html]
[themetechmount.net/opencart/jwellix/indexea61.html]
[themetechmount.net/opencart/jwellix/indexb845.html]
[themetechmount.net/opencart/jwellix/index4db1.html]
[themetechmount.net/opencart/jwellix/index6836.html]
[themetechmount.net/opencart/jwellix/index31b4.html]
[themetechmount.net/opencart/jwellix/index58a3.html]
[themetechmount.net/opencart/jwellix/index6ced.html]
[themetechmount.net/opencart/jwellix/index446f.html]
[themetechmount.net/opencart/jwellix/index0547.html]
[themetechmount.net/opencart/jwellix/index7f80.html]
[themetechmount.net/opencart/jwellix/index0eb6.html]
[themetechmount.net/opencart/jwellix/index97a7.html]
[themetechmount.net/opencart/jwellix/index8b9f.html]
[themetechmount.net/opencart/jwellix/index85c4.html]
[themetechmount.net/opencart/jwellix/index14aa.html]
[themetechmount.net/opencart/jwellix/index3953.html]
[themetechmount.net/opencart/jwellix/index3bbf.html]
[themetechmount.net/opencart/jwellix/indexe991.html]
[themetechmount.net/opencart/jwellix/indexb4f9.html]
[themetechmount.net/opencart/jwellix/index43a9.html]
[themetechmount.net/opencart/jwellix/index5f84.html]
[themetechmount.net/opencart/jwellix/index9b53.html]
[themetechmount.net/opencart/jwellix/index6edf.html]
[themetechmount.net/opencart/jwellix/indexd875.html]
[themetechmount.net/opencart/jwellix/indexb1ec.html]
[themetechmount.net/opencart/jwellix/index8f62.html]
[themetechmount.net/opencart/jwellix/index3474.html]
[themetechmount.net/opencart/jwellix/index262c.html]
[themetechmount.net/opencart/jwellix/index10cb.html]
[themetechmount.net/opencart/jwellix/index6fca.html]
[themetechmount.net/opencart/jwellix/image/indexc052.html]
[themetechmount.net/opencart/jwellix/image/indexf8a0.html]
[themetechmount.net/opencart/jwellix/image/indexbfec.html]
[themetechmount.net/opencart/jwellix/image/index30b5.html]
[themetechmount.net/opencart/jwellix/image/cache/profile-45x45.png]
[themetechmount.net/opencart/jwellix/image/cache/index.html]
[themetechmount.net/opencart/jwellix/image/catalog/index.html]
[themetechmount.net/opencart/jwellix/image/payment/index.html]
[themetechmount.net/opencart/jwellix/index43ee.html]
[themetechmount.net/opencart/jwellix/indexf6ce.html]
[themetechmount.net/opencart/jwellix/indexbcd9.html]
[themetechmount.net/opencart/jwellix/index772e.html]
[themetechmount.net/opencart/jwellix/index9711.html]
[themetechmount.net/opencart/jwellix/index7674.html]
[themetechmount.net/opencart/jwellix/index3356.html]
[themetechmount.net/opencart/jwellix/index6dd2.html]
[themetechmount.net/opencart/jwellix/indexe29e.html]
[themetechmount.net/opencart/jwellix/indexa2ae.html]
[themetechmount.net/opencart/jwellix/indexd86e.html]
[themetechmount.net/opencart/jwellix/index4cee.html]
[themetechmount.net/opencart/jwellix/index91d0.html]
[themetechmount.net/opencart/jwellix/indexb643.html]
[themetechmount.net/opencart/jwellix/indexe706.html]
[themetechmount.net/opencart/jwellix/index84a0.html]
[themetechmount.net/opencart/jwellix/indexc962.html]
[themetechmount.net/opencart/jwellix/index7bca.html]
[themetechmount.net/opencart/jwellix/index0ff9.html]
[themetechmount.net/opencart/jwellix/indexe53b.html]
[themetechmount.net/opencart/jwellix/indexbe19.html]
[themetechmount.net/opencart/jwellix/indexd38a.html]
[themetechmount.net/opencart/jwellix/index29e3.html]
[themetechmount.net/opencart/jwellix/index1b67.html]
[themetechmount.net/opencart/jwellix/index2759.html]
[themetechmount.net/opencart/jwellix/index1e84.html]
[themetechmount.net/opencart/jwellix/index3f48.html]
[themetechmount.net/opencart/jwellix/index7e09.html]
[themetechmount.net/opencart/jwellix/index92e0.html]
[themetechmount.net/opencart/jwellix/index9f90.html]
[themetechmount.net/opencart/jwellix/index0dfa.html]
[themetechmount.net/opencart/jwellix/indexe671.html]
[themetechmount.net/opencart/jwellix/index99d5.html]
[themetechmount.net/opencart/jwellix/index39f5.html]
[themetechmount.net/opencart/jwellix/index3fa6.html]
[themetechmount.net/opencart/jwellix/indexf596-2.html]
[themetechmount.net/opencart/jwellix/index0271.html]
[themetechmount.net/opencart/jwellix/index5c04.html]
[themetechmount.net/opencart/jwellix/indexa24a.html]
[themetechmount.net/opencart/jwellix/index7cca.html]
[themetechmount.net/opencart/jwellix/indexec3a.html]
[themetechmount.net/opencart/jwellix/indexaa48.html]
[themetechmount.net/opencart/jwellix/index3fec.html]
[themetechmount.net/opencart/jwellix/index93b5.html]
[themetechmount.net/opencart/jwellix/indexdfe8.html]
[themetechmount.net/opencart/jwellix/indexa945.html]
[themetechmount.net/opencart/jwellix/index4685.html]
[themetechmount.net/opencart/jwellix/indexa4c8.html]
[themetechmount.net/opencart/jwellix/index978d.html]
[themetechmount.net/opencart/jwellix/indexd243.html]
[themetechmount.net/opencart/jwellix/index4a7a.html]
[themetechmount.net/opencart/jwellix/index78ed.html]
[themetechmount.net/opencart/jwellix/indexa3e3.html]
[themetechmount.net/opencart/jwellix/index3013.html]
[themetechmount.net/opencart/jwellix/index2403.html]
[themetechmount.net/opencart/jwellix/index1c1c.html]
[themetechmount.net/opencart/jwellix/index42e3.html]
[themetechmount.net/opencart/jwellix/indexd94c-2.html]
[themetechmount.net/opencart/jwellix/index0598.html]
[themetechmount.net/opencart/jwellix/indexb5d4.html]
[themetechmount.net/opencart/jwellix/indexffb7.html]
[themetechmount.net/opencart/jwellix/index47b2.html]
[themetechmount.net/opencart/jwellix/index5ca1.html]
[themetechmount.net/opencart/jwellix/index5ba2.html]
[themetechmount.net/opencart/jwellix/index09db.html]
[themetechmount.net/opencart/jwellix/index140a.html]
[themetechmount.net/opencart/jwellix/index02d5.html]
[themetechmount.net/opencart/jwellix/index21aa.html]
[themetechmount.net/opencart/jwellix/indexaefb.html]
[themetechmount.net/opencart/jwellix/index92e1.html]
[themetechmount.net/opencart/jwellix/index454f.html]
[themetechmount.net/opencart/jwellix/index4688.html]
[themetechmount.net/opencart/jwellix/index9229.html]
[themetechmount.net/opencart/jwellix/indexc1b1.html]
[themetechmount.net/opencart/jwellix/indexc12a.html]
[themetechmount.net/opencart/jwellix/indexca62.html]
[themetechmount.net/opencart/jwellix/index5cc9.html]
[themetechmount.net/opencart/jwellix/index8b95.html]
[themetechmount.net/opencart/jwellix/indexf3a7.html]
[themetechmount.net/opencart/jwellix/indexc025.html]
[themetechmount.net/opencart/jwellix/index313a.html]
[themetechmount.net/opencart/jwellix/image/indexb70a.html]
[themetechmount.net/opencart/jwellix/image/index72c9.html]
[themetechmount.net/opencart/jwellix/image/index5851.html]
[themetechmount.net/opencart/jwellix/image/indexad3f.html]
[themetechmount.net/opencart/jwellix/image/cache/indexc052.html]
[themetechmount.net/opencart/jwellix/image/cache/indexf8a0.html]
[themetechmount.net/opencart/jwellix/image/cache/indexbfec.html]
[themetechmount.net/opencart/jwellix/image/cache/index30b5.html]
[themetechmount.net/opencart/jwellix/image/cache/catalog/index.html]
[themetechmount.net/opencart/jwellix/image/payment/indexc052.html]
[themetechmount.net/opencart/jwellix/image/payment/indexf8a0.html]
[themetechmount.net/opencart/jwellix/image/payment/indexbfec.html]
[themetechmount.net/opencart/jwellix/image/payment/index30b5.html]
[themetechmount.net/opencart/jwellix/image/payment/panasia/PanAsiaPayment_logo.jpg]
[themetechmount.net/opencart/jwellix/image/payment/panasia/index.html]
[s7.addthis.com/js/300/addthis_widget.js]
[themetechmount.net/opencart/jwellix/image/cache/indexb70a.html]
[themetechmount.net/opencart/jwellix/image/cache/index72c9.html]
[themetechmount.net/opencart/jwellix/image/cache/index5851.html]
[themetechmount.net/opencart/jwellix/image/cache/indexad3f.html]
[themetechmount.net/opencart/jwellix/image/cache/catalog/indexc052.html]
[themetechmount.net/opencart/jwellix/image/cache/catalog/indexf8a0.html]
[themetechmount.net/opencart/jwellix/image/cache/catalog/indexbfec.html]
[themetechmount.net/opencart/jwellix/image/cache/catalog/index30b5.html]
[themetechmount.net/opencart/jwellix/image/cache/catalog/banners/index.html]
[themetechmount.net/opencart/jwellix/image/cache/catalog/blog/index.html]
[themetechmount.net/opencart/jwellix/image/cache/catalog/gallery/index.html]
[themetechmount.net/opencart/jwellix/image/cache/catalog/manufacturer/index.html]
[themetechmount.net/opencart/jwellix/image/cache/catalog/pro/1-77x94.jpg]
[themetechmount.net/opencart/jwellix/image/cache/catalog/pro/2-90x111.jpg]
[themetechmount.net/opencart/jwellix/image/cache/catalog/pro/3-90x111.jpg]
[themetechmount.net/opencart/jwellix/image/cache/catalog/pro/4-90x111.jpg]
[themetechmount.net/opencart/jwellix/image/cache/catalog/pro/5-90x111.jpg]
[themetechmount.net/opencart/jwellix/image/cache/catalog/pro/6-90x111.jpg]
[themetechmount.net/opencart/jwellix/image/cache/catalog/pro/7-90x111.jpg]
[themetechmount.net/opencart/jwellix/image/cache/catalog/pro/8-90x111.jpg]
[themetechmount.net/opencart/jwellix/image/cache/catalog/pro/9-90x111.jpg]
[themetechmount.net/opencart/jwellix/image/cache/catalog/pro/10-90x111.jpg]
[themetechmount.net/opencart/jwellix/image/cache/catalog/pro/11-90x111.jpg]
[themetechmount.net/opencart/jwellix/image/cache/catalog/pro/12-90x111.jpg]
[themetechmount.net/opencart/jwellix/image/cache/catalog/pro/13-90x111.jpg]
[themetechmount.net/opencart/jwellix/image/cache/catalog/pro/14-90x111.jpg]
[themetechmount.net/opencart/jwellix/image/cache/catalog/pro/15-90x111.jpg]
[themetechmount.net/opencart/jwellix/image/cache/catalog/pro/16-90x111.jpg]
[themetechmount.net/opencart/jwellix/image/cache/catalog/pro/17-77x94.jpg]
[themetechmount.net/opencart/jwellix/image/cache/catalog/pro/18-90x111.jpg]
[themetechmount.net/opencart/jwellix/image/cache/catalog/pro/19-90x111.jpg]
[themetechmount.net/opencart/jwellix/image/cache/catalog/pro/20-90x111.jpg]
[themetechmount.net/opencart/jwellix/image/cache/catalog/pro/index.html]
[themetechmount.net/opencart/jwellix/image/payment/indexb70a.html]
[themetechmount.net/opencart/jwellix/image/payment/index72c9.html]
[themetechmount.net/opencart/jwellix/image/payment/index5851.html]
[themetechmount.net/opencart/jwellix/image/payment/indexad3f.html]
[themetechmount.net/opencart/jwellix/image/payment/panasia/indexc052.html]
[themetechmount.net/opencart/jwellix/image/payment/panasia/indexf8a0.html]
[themetechmount.net/opencart/jwellix/image/payment/panasia/indexbfec.html]
[themetechmount.net/opencart/jwellix/image/payment/panasia/index30b5.html]
[themetechmount.net/opencart/jwellix/image/payment/panasia/bank-images/PanAsiaPayment_logo.jpg]
[themetechmount.net/opencart/jwellix/image/payment/panasia/bank-images/abc.jpg]
[themetechmount.net/opencart/jwellix/image/payment/panasia/bank-images/b1065.jpg]
[themetechmount.net/opencart/jwellix/image/payment/panasia/bank-images/b1504.jpg]
[themetechmount.net/opencart/jwellix/image/payment/panasia/bank-images/b1532.jpg]
[themetechmount.net/opencart/jwellix/image/payment/panasia/bank-images/b1535.jpg]
[themetechmount.net/opencart/jwellix/image/payment/panasia/bank-images/b1541.jpg]
[themetechmount.net/opencart/jwellix/image/payment/panasia/bank-images/b1543.jpg]
[themetechmount.net/opencart/jwellix/image/payment/panasia/bank-images/b1547.jpg]
[themetechmount.net/opencart/jwellix/image/payment/panasia/bank-images/b1613.jpg]
[themetechmount.net/opencart/jwellix/image/payment/panasia/bank-images/b1641.jpg]
[themetechmount.net/opencart/jwellix/image/payment/panasia/bank-images/bob.jpg]
[themetechmount.net/opencart/jwellix/image/payment/panasia/bank-images/boc.jpg]
[themetechmount.net/opencart/jwellix/image/payment/panasia/bank-images/bos.jpg]
[themetechmount.net/opencart/jwellix/image/payment/panasia/bank-images/cbhb.jpg]
[themetechmount.net/opencart/jwellix/image/payment/panasia/bank-images/ccb.jpg]
[themetechmount.net/opencart/jwellix/image/payment/panasia/bank-images/ceb.jpg]
[themetechmount.net/opencart/jwellix/image/payment/panasia/bank-images/cgb.jpg]
[themetechmount.net/opencart/jwellix/image/payment/panasia/bank-images/cib.jpg]
[themetechmount.net/opencart/jwellix/image/payment/panasia/bank-images/citic.jpg]
[themetechmount.net/opencart/jwellix/image/payment/panasia/bank-images/cmb.jpg]
[themetechmount.net/opencart/jwellix/image/payment/panasia/bank-images/cmbc.jpg]
[themetechmount.net/opencart/jwellix/image/payment/panasia/bank-images/comm.jpg]
[themetechmount.net/opencart/jwellix/image/payment/panasia/bank-images/czbank.jpg]
[themetechmount.net/opencart/jwellix/image/payment/panasia/bank-images/egb.jpg]
[themetechmount.net/opencart/jwellix/image/payment/panasia/bank-images/hkbea.jpg]
[themetechmount.net/opencart/jwellix/image/payment/panasia/bank-images/hxb.jpg]
[themetechmount.net/opencart/jwellix/image/payment/panasia/bank-images/icbc.jpg]
[themetechmount.net/opencart/jwellix/image/payment/panasia/bank-images/logo_vbank.png]
[themetechmount.net/opencart/jwellix/image/payment/panasia/bank-images/nb_unionpay.jpg]
[themetechmount.net/opencart/jwellix/image/payment/panasia/bank-images/nbcb.jpg]
[themetechmount.net/opencart/jwellix/image/payment/panasia/bank-images/pingan.jpg]
[themetechmount.net/opencart/jwellix/image/payment/panasia/bank-images/psbc.jpg]
[themetechmount.net/opencart/jwellix/image/payment/panasia/bank-images/smartpay.png]
[themetechmount.net/opencart/jwellix/image/payment/panasia/bank-images/spdb.jpg]
[themetechmount.net/opencart/jwellix/image/payment/panasia/bank-images/unionpay.jpg]
[themetechmount.net/opencart/jwellix/image/payment/panasia/bank-images/index.html]
[themetechmount.net/opencart/jwellix/image/cache/catalog/indexb70a.html]
[themetechmount.net/opencart/jwellix/image/cache/catalog/index72c9.html]
[themetechmount.net/opencart/jwellix/image/cache/catalog/index5851.html]
[themetechmount.net/opencart/jwellix/image/cache/catalog/indexad3f.html]
[themetechmount.net/opencart/jwellix/image/cache/catalog/banners/indexc052.html]
[themetechmount.net/opencart/jwellix/image/cache/catalog/banners/indexf8a0.html]
[themetechmount.net/opencart/jwellix/image/cache/catalog/banners/indexbfec.html]
[themetechmount.net/opencart/jwellix/image/cache/catalog/banners/index30b5.html]
[themetechmount.net/opencart/jwellix/image/cache/catalog/blog/indexc052.html]
[themetechmount.net/opencart/jwellix/image/cache/catalog/blog/indexf8a0.html]
[themetechmount.net/opencart/jwellix/image/cache/catalog/blog/indexbfec.html]
[themetechmount.net/opencart/jwellix/image/cache/catalog/blog/index30b5.html]
[themetechmount.net/opencart/jwellix/image/cache/catalog/gallery/indexc052.html]
[themetechmount.net/opencart/jwellix/image/cache/catalog/gallery/indexf8a0.html]
[themetechmount.net/opencart/jwellix/image/cache/catalog/gallery/indexbfec.html]
[themetechmount.net/opencart/jwellix/image/cache/catalog/gallery/index30b5.html]
[themetechmount.net/opencart/jwellix/image/cache/catalog/manufacturer/indexc052.html]
[themetechmount.net/opencart/jwellix/image/cache/catalog/manufacturer/indexf8a0.html]
[themetechmount.net/opencart/jwellix/image/cache/catalog/manufacturer/indexbfec.html]
[themetechmount.net/opencart/jwellix/image/cache/catalog/manufacturer/index30b5.html]
[themetechmount.net/opencart/jwellix/image/cache/catalog/pro/indexc052.html]
[themetechmount.net/opencart/jwellix/image/cache/catalog/pro/indexf8a0.html]
[themetechmount.net/opencart/jwellix/image/cache/catalog/pro/indexbfec.html]
[themetechmount.net/opencart/jwellix/image/cache/catalog/pro/index30b5.html]
[themetechmount.net/opencart/jwellix/image/payment/panasia/indexb70a.html]
[themetechmount.net/opencart/jwellix/image/payment/panasia/index72c9.html]
[themetechmount.net/opencart/jwellix/image/payment/panasia/index5851.html]
[themetechmount.net/opencart/jwellix/image/payment/panasia/indexad3f.html]
[themetechmount.net/opencart/jwellix/image/payment/panasia/bank-images/indexc052.html]
[themetechmount.net/opencart/jwellix/image/payment/panasia/bank-images/indexf8a0.html]
[themetechmount.net/opencart/jwellix/image/payment/panasia/bank-images/indexbfec.html]
[themetechmount.net/opencart/jwellix/image/payment/panasia/bank-images/index30b5.html]
[themetechmount.net/opencart/jwellix/image/cache/catalog/banners/indexb70a.html]
[themetechmount.net/opencart/jwellix/image/cache/catalog/banners/index72c9.html]
[themetechmount.net/opencart/jwellix/image/cache/catalog/banners/index5851.html]
[themetechmount.net/opencart/jwellix/image/cache/catalog/banners/indexad3f.html]
[themetechmount.net/opencart/jwellix/image/cache/catalog/blog/indexb70a.html]
[themetechmount.net/opencart/jwellix/image/cache/catalog/blog/index72c9.html]
[themetechmount.net/opencart/jwellix/image/cache/catalog/blog/index5851.html]
[themetechmount.net/opencart/jwellix/image/cache/catalog/blog/indexad3f.html]
[themetechmount.net/opencart/jwellix/image/cache/catalog/gallery/indexb70a.html]
[themetechmount.net/opencart/jwellix/image/cache/catalog/gallery/index72c9.html]
[themetechmount.net/opencart/jwellix/image/cache/catalog/gallery/index5851.html]
[themetechmount.net/opencart/jwellix/image/cache/catalog/gallery/indexad3f.html]
[themetechmount.net/opencart/jwellix/image/cache/catalog/manufacturer/indexb70a.html]
[themetechmount.net/opencart/jwellix/image/cache/catalog/manufacturer/index72c9.html]
[themetechmount.net/opencart/jwellix/image/cache/catalog/manufacturer/index5851.html]
[themetechmount.net/opencart/jwellix/image/cache/catalog/manufacturer/indexad3f.html]
[themetechmount.net/opencart/jwellix/image/cache/catalog/pro/indexb70a.html]
[themetechmount.net/opencart/jwellix/image/cache/catalog/pro/index72c9.html]
[themetechmount.net/opencart/jwellix/image/cache/catalog/pro/index5851.html]
[themetechmount.net/opencart/jwellix/image/cache/catalog/pro/indexad3f.html]
[themetechmount.net/opencart/jwellix/image/payment/panasia/bank-images/indexb70a.html]
[themetechmount.net/opencart/jwellix/image/payment/panasia/bank-images/index72c9.html]
[themetechmount.net/opencart/jwellix/image/payment/panasia/bank-images/index5851.html]
[themetechmount.net/opencart/jwellix/image/payment/panasia/bank-images/indexad3f.html]
